
27. Executing CHECK pass (checking for obvious problems).
Checking module ldp_top...
Checking module $paramod$48a70bf0ba10747621c6fc4932d4b68873e68d78\ldpc_ram_behav...
Checking module $paramod$8b5ecdcae1db8b1e1406b8c471f4059c4a934879\ldpc_vn...
Checking module $paramod$8b5ecdcae1db8b1e1406b8c471f4059c4a934879\ldpc_cn...
Checking module $paramod$06932410006ae846943720d4fb05b31890371b43\ldpc_ram_behav...
Checking module $paramod$5315276096adc0669d7ab177a65e7e1062b7af27\ldpc_iocontrol...
Warning: Wire $paramod$5315276096adc0669d7ab177a65e7e1062b7af27\ldpc_iocontrol.\addr_vn_lo [1] is used but has no driver.
Warning: Wire $paramod$5315276096adc0669d7ab177a65e7e1062b7af27\ldpc_iocontrol.\addr_vn_lo [0] is used but has no driver.
Warning: Wire $paramod$5315276096adc0669d7ab177a65e7e1062b7af27\ldpc_iocontrol.\addr_cn_lo [1] is used but has no driver.
Warning: Wire $paramod$5315276096adc0669d7ab177a65e7e1062b7af27\ldpc_iocontrol.\addr_cn_lo [0] is used but has no driver.
Checking module $paramod$cb6ff4f3478cf6000d8f5c9b908d73c718dd3e42\ldpc_vncluster...
Checking module $paramod$9d83dac133bd4beda58a16c5eaae70e8a8d3f161\ldpc_ram_behav...
Checking module $paramod$553c0b0449ac8698c9739fae0c85a8ffef4d7a44\ldpc_ram_behav...
Checking module $paramod$715b108239c670d1e6cfe38079dfbcb00e98e154\ldpc_shuffle...
Checking module $paramod$f769227a9e810080a856a5e62aa1d344810da814\ldpc_vncluster...
Checking module $paramod$3a01ecc002fbf882396b9626f9384c1d0268de67\ldpc_muxreg...
Checking module $paramod$67740ac302c43ff1e2835eb02a021c5d3ac3181c\ldpc_muxreg...
Checking module $paramod$5286b89f6dbd3428fc907167e1681a23dbf67976\ldpc_muxreg...
Checking module ldpc_edgetable...
Found and reported 4 problems.
