%Error: /home/azureuser/my_designs/LDPC/RTL/ldpc_iocontrol.v:18:3: syntax error, unexpected parameter, expecting '['
   18 |   parameter FOLDFACTOR     = 4,
      |   ^~~~~~~~~
%Error: /home/azureuser/my_designs/LDPC/RTL/ldpc_iocontrol.v:19:3: syntax error, unexpected parameter, expecting IDENTIFIER or randomize
   19 |   parameter LOG2FOLDFACTOR = 2,
      |   ^~~~~~~~~
%Error: /home/azureuser/my_designs/LDPC/RTL/ldpc_iocontrol.v:20:3: syntax error, unexpected parameter, expecting IDENTIFIER or randomize
   20 |   parameter LASTSHIFTWIDTH = 3,
      |   ^~~~~~~~~
%Error: /home/azureuser/my_designs/LDPC/RTL/ldpc_iocontrol.v:21:3: syntax error, unexpected parameter, expecting IDENTIFIER or randomize
   21 |   parameter NUMINSTANCES   = 180
      |   ^~~~~~~~~
%Error: /home/azureuser/my_designs/LDPC/RTL/ldpc_iocontrol.v:22:1: syntax error, unexpected ')', expecting ';'
   22 | )(
      | ^
%Error: /home/azureuser/my_designs/LDPC/RTL/ldpc_iocontrol.v:112:1: syntax error, unexpected assign
  112 | assign romaddr           = romaddr_int;
      | ^~~~~~
%Error: /home/azureuser/my_designs/LDPC/RTL/ldpc_iocontrol.v:325:3: syntax error, unexpected always
  325 |   always @( * )
      |   ^~~~~~
%Error: /home/azureuser/my_designs/LDPC/RTL/ldpc_iocontrol.v:373:1: syntax error, unexpected assign
  373 | assign orig_vn_addr  = ( matchpar || last_step ) ? vn_count
      | ^~~~~~
%Error: /home/azureuser/my_designs/LDPC/RTL/ldpc_iocontrol.v:424:1: syntax error, unexpected assign
  424 | assign we_vnmsg   = we_vnmsg_del[LATENCY_VN_DEST-1];
      | ^~~~~~
%Error: /home/azureuser/my_designs/LDPC/RTL/ldpc_iocontrol.v:498:1: syntax error, unexpected assign
  498 | assign shift0 = shift0_reg;
      | ^~~~~~
%Error: /home/azureuser/my_designs/LDPC/RTL/ldpc_iocontrol.v:505:1: syntax error, unexpected generate
  505 | generate
      | ^~~~~~~~
%Error: Exiting due to 11 error(s)
